Start Sut resulted in:
	type (retestId) at 'html[1]/body[1]':
		foo-1: expected="bar-1", actual="bar1"
		foo-2: expected="bar-2", actual="bar2"
		foo-3: expected="bar-3", actual="bar3"
	type (retestId) at 'html[1]/body[1]/div[1]':
		was deleted
	type (retestId) at 'html[1]/body[1]/div[2]':
		foo-1: expected="bar-1", actual="bar1"
		foo-2: expected="bar-2", actual="bar2"
		foo-3: expected="bar-3", actual="bar3"
	type (retestId) at 'html[1]/body[1]/div[2]/div[1]':
		was deleted
	type (retestId) at 'html[1]/body[1]/div[2]/div[2]':
		foo-1: expected="bar-1", actual="bar1"
		foo-2: expected="bar-2", actual="bar2"
		foo-3: expected="bar-3", actual="bar3"
