A detailed report will be created at '*'. You can review the details by using our CLI (https://github.com/retest/recheck.cli/) or GUI (https://retest.de/review/).

1 check(s) in 'de.retest.recheck.RecheckImplIT' found the following difference(s):
Test 'filter' has 4 difference(s) in 1 state(s):
check resulted in:
	test (title) at 'foo[1]/bar[1]':
		foo-1: expected="bar-1", actual="bar-3"
		foo-3: expected="bar-3", actual="bar-1"
	delete (delete-id) at 'foo[1]/bar[1]/remove[1]/delete[1]':
		was deleted
	insert (insert-id) at 'foo[1]/bar[1]/add[1]/insert[1]':
		was inserted
